=== GitHub CLI로 모든 프로젝트 푸시 ===

⏭️  [FreeWire] 변경사항 없음
⏭️  [ai-accelerator-compiler] 변경사항 없음
⏭️  [c-compiler-from-scratch] 변경사항 없음
⏭️  [challenge-17-quantum-crypto] 변경사항 없음
⏭️  [clarity-lang] 변경사항 없음
⏭️  [claudescript] 변경사항 없음
⏭️  [faf] 변경사항 없음
⏭️  [freelang-aot-compiler] 변경사항 없음
⏭️  [freelang-async-system] 변경사항 없음
⏭️  [freelang-atomic-ledger] 변경사항 없음
⏭️  [freelang-backend-system] 변경사항 없음
⏭️  [freelang-blockchain-dpos] 변경사항 없음
⏭️  [freelang-bootstrap] 변경사항 없음
⏭️  [freelang-c-final] 변경사항 없음
⏭️  [freelang-c-phase9] 변경사항 없음
⏭️  [freelang-closure-system] 변경사항 없음
⏭️  [freelang-communications-data] 변경사항 없음
⏭️  [freelang-compiler] 변경사항 없음
⏭️  [freelang-comprehensive-course] 변경사항 없음
⏭️  [freelang-database-functions] 변경사항 없음
⏭️  [freelang-distributed-system] 변경사항 없음
⏭️  [freelang-ecosystem] 변경사항 없음
⏭️  [freelang-false-reporting-blocker] 변경사항 없음
⏭️  [freelang-final] 변경사항 없음
⏭️  [freelang-fl-protocol] 변경사항 없음
⏭️  [freelang-gc-part2] 변경사항 없음
⏭️  [freelang-ghost-writer] 변경사항 없음
⏭️  [freelang-global-synapse] 변경사항 없음
⏭️  [freelang-gpt] 변경사항 없음
⏭️  [freelang-grie-phase3] 변경사항 없음
⏭️  [freelang-http-engine] 변경사항 없음
⏭️  [freelang-hybrid] 변경사항 없음
⏭️  [freelang-integrity-engine] 변경사항 없음
⏭️  [freelang-iterator-system] 변경사항 없음
⏭️  [freelang-jit-compiler] 변경사항 없음
⏭️  [freelang-kimgraf] 변경사항 없음
⏭️  [freelang-library-extraction] 변경사항 없음
⏭️  [freelang-lifetime-analyzer] 변경사항 없음
⏭️  [freelang-light] 변경사항 없음
⏭️  [freelang-llc] 변경사항 없음
⏭️  [freelang-mail-sentry] 변경사항 없음
⏭️  [freelang-mail-server] 변경사항 없음
⏭️  [freelang-module-system] 변경사항 없음
⏭️  [freelang-monitoring-suite] 변경사항 없음
⏭️  [freelang-msa-grpc] 변경사항 없음
⏭️  [freelang-nano-kernel] 변경사항 없음
⏭️  [green-distributed-fabric] 변경사항 없음
⏭️  [freelang-neural-kernel-integration] 변경사항 없음
⏭️  [freelang-nexus] 변경사항 없음
⏭️  [freelang-os-kernel-synapse] 변경사항 없음
⏭️  [freelang-os-kernel] 변경사항 없음
⏭️  [freelang-phase10] 변경사항 없음
⏭️  [freelang-phase6-runtime] 변경사항 없음
⏭️  [freelang-pulse-ai] 변경사항 없음
⏭️  [freelang-quantum-internet] 변경사항 없음
⏭️  [freelang-raft-db] 변경사항 없음
⏭️  [freelang-regex-engine] 변경사항 없음
⏭️  [freelang-runtime] 변경사항 없음
⏭️  [freelang-science] 변경사항 없음
⏭️  [freelang-sdf-generator] 변경사항 없음
⏭️  [freelang-self-healing] 변경사항 없음
⏭️  [freelang-self-hosting-proof] 변경사항 없음
⏭️  [freelang-signal] 변경사항 없음
⏭️  [freelang-sovereign-backend] 변경사항 없음
⏭️  [freelang-sovereign-dns] 변경사항 없음
⏭️  [freelang-sovereign-mail] 변경사항 없음
⏭️  [freelang-sovereign-mesh] 변경사항 없음
⏭️  [temp-build] 변경사항 없음
⏭️  [freelang-sovereign-naming] 변경사항 없음
⏭️  [freelang-sovereign-network] 변경사항 없음
⏭️  [freelang-sovereign-phone] 변경사항 없음
⏭️  [freelang-ssh] 변경사항 없음
⏭️  [freelang-streaming-arena] 변경사항 없음
⏭️  [freelang-thermal-management] 변경사항 없음
⏭️  [freelang-to-c] 변경사항 없음
⏭️  [freelang-to-zlang] 변경사항 없음
⏭️  [freelang-unit-test-tdd] 변경사항 없음
⏭️  [freelang-v2-5-fixes] 변경사항 없음
⏭️  [freelang-v2-check] 변경사항 없음
⏭️  [freelang-v2] 변경사항 없음
⏭️  [freelang-v4-audit-system] 변경사항 없음
⏭️  [freelang-v4-bytecode-cache] 변경사항 없음
⏭️  [freelang-v4-compiler-optimizer] 변경사항 없음
⏭️  [freelang-v4-compliance] 변경사항 없음
⏭️  [freelang-v4-concurrency] 변경사항 없음
⏭️  [freelang-v4-core] 변경사항 없음
⏭️  [freelang-v4-crypto] 변경사항 없음
⏭️  [freelang-v4-http] 변경사항 없음
⏭️  [freelang-v4-input-validation] 변경사항 없음
⏭️  [freelang-v4-integrated] 변경사항 없음
⏭️  [freelang-v4-jit] 변경사항 없음
⏭️  [freelang-v4-migration] 변경사항 없음
⏭️  [freelang-v4-object-map] 변경사항 없음
⏭️  [freelang-v4-orm] 변경사항 없음
⏭️  [freelang-v4-query-performance] 변경사항 없음
⏭️  [freelang-v4-security] 변경사항 없음
⏭️  [freelang-v4-sqlite-integration] 변경사항 없음
⏭️  [freelang-v4-stdlib] 변경사항 없음
⏭️  [freelang-v4-transaction-advanced] 변경사항 없음
⏭️  [freelang-v6-ai-sovereign] 변경사항 없음
⏭️  [freelang-v6] 변경사항 없음
⏭️  [freelang-v8-ml] 변경사항 없음
⏭️  [freelang-vector-index] 변경사항 없음
⏭️  [freelang-vm-runtime] 변경사항 없음
⏭️  [freelang-vm] 변경사항 없음
⏭️  [freelang-zlang-transpiler] 변경사항 없음
⏭️  [freelang] 변경사항 없음
⏭️  [freewire] 변경사항 없음
⏭️  [fv-julia] 변경사항 없음
⏭️  [fv-lang-wasm] 변경사항 없음
⏭️  [fvx] 변경사항 없음
⏭️  [global-synapse-week5] 변경사항 없음
⏭️  [go] 변경사항 없음
⏭️  [gofree] 변경사항 없음
⏭️  [gogs-project-source] 변경사항 없음
⏭️  [gogs_project] 변경사항 없음
⏭️  [gogs_push] 변경사항 없음
⏭️  [aws] 변경사항 없음
⏭️  [gogs_python] 변경사항 없음
⏭️  [golang_study] 변경사항 없음
⏭️  [green-distributed-fabric] 변경사항 없음
⏭️  [green-fabric-phase2] 변경사항 없음
⏭️  [grie-build] 변경사항 없음
⏭️  [grie-engine-source] 변경사항 없음
⏭️  [grie-engine] 변경사항 없음
⏭️  [internal] 변경사항 없음
⏭️  [kpm-documentation] 변경사항 없음
⏭️  [kpm-upgrade] 변경사항 없음
⏭️  [l0-biometric-key] 변경사항 없음
⏭️  [llvm-tier1-analysis] 변경사항 없음
⏭️  [mindlang-formal-parser] 변경사항 없음
⏭️  [mindlang_repo] 변경사항 없음
⏭️  [multi-lang-poc] 변경사항 없음
⏭️  [neural-kernel-sentinel] 변경사항 없음
⏭️  [next-gen-project] 변경사항 없음
⏭️  [personal-code-os] 변경사항 없음
⏭️  [pulseai-lang] 변경사항 없음
⏭️  [pyfree] 변경사항 없음
[master cf8aa86] 🔄 Restructure sync
 1 file changed, 1 insertion(+), 1 deletion(-)
❌ [python-gogs] 푸시 실패
⏭️  [v16_BR_AIOpsFL] 변경사항 없음
⏭️  [rust-freelang] 변경사항 없음
⏭️  [sovereign-fs] 변경사항 없음
⏭️  [sovereign-mail] 변경사항 없음
⏭️  [sovereign-pay] 변경사항 없음
⏭️  [sovereign-self-evolving-factory] 변경사항 없음
⏭️  [sovereign-unified-platform] 변경사항 없음
⏭️  [sovereign-workspace] 변경사항 없음
⏭️  [src] 변경사항 없음
⏭️  [stochastic-code-optimizer] 변경사항 없음
⏭️  [kotlin-study] 변경사항 없음
⏭️  [test-freelang-v4] 변경사항 없음
⏭️  [test-mouse-phase2] 변경사항 없음
⏭️  [test-mouse-phase3-hw] 변경사항 없음
⏭️  [v2-freelang-ai] 변경사항 없음
⏭️  [v3-freelang-ai] 변경사항 없음
⏭️  [website] 변경사항 없음
⏭️  [world-engine] 변경사항 없음
⏭️  [zig-compiler] 변경사항 없음
⏭️  [zig-study] 변경사항 없음
⏭️  [freelang-backend-production] 변경사항 없음
⏭️  [freelang-bank-system] 변경사항 없음
⏭️  [freelang-rest-api] 변경사항 없음
⏭️  [1.1-minimal-rag] 변경사항 없음
⏭️  [1.2-chunk-search] 변경사항 없음
⏭️  [1.3-metadata-filter] 변경사항 없음
⏭️  [1.4-bm25-ranking] 변경사항 없음
⏭️  [2.0-semantic-search] 변경사항 없음
⏭️  [3.0-evolution-reasoning] 변경사항 없음
⏭️  [4.0-design-intent-mapping] 변경사항 없음
⏭️  [5.0-design-cognition-mapping] 변경사항 없음
⏭️  [Proof_ai] 변경사항 없음
⏭️  [kimsearch-mobile] 변경사항 없음
⏭️  [mlir-cpp-learning] 변경사항 없음
⏭️  [mlir-study] 변경사항 없음
⏭️  [analysis] 변경사항 없음
⏭️  [impl] 변경사항 없음
⏭️  [zig-official] 변경사항 없음
⏭️  [freelang-c] 변경사항 없음
⏭️  [freelang-g] 변경사항 없음
⏭️  [freelang-v4] 변경사항 없음
⏭️  [fv-lang] 변경사항 없음
⏭️  [freelang-v2-5] 변경사항 없음
⏭️  [freelang-v6-source] 변경사항 없음
⏭️  [freelang-v7] 변경사항 없음
⏭️  [zlang] 변경사항 없음
⏭️  [freelang-mobile] 변경사항 없음
⏭️  [global-synapse-engine] 변경사항 없음
⏭️  [mlir-postdoc-adaptive] 변경사항 없음
⏭️  [mlir-postdoc-nextgen] 변경사항 없음
⏭️  [mlir-postdoc] 변경사항 없음
⏭️  [anti-lie] 변경사항 없음
[master c85b758] 🔄 Restructure sync
 1 file changed, 1 insertion(+), 1 deletion(-)
❌ [git-from-scratch] 푸시 실패
⏭️  [freelang] 변경사항 없음
⏭️  [gogs-architecture-analyzer] 변경사항 없음
⏭️  [gogs-chatbot] 변경사항 없음
⏭️  [gogs-knowledge-engine] 변경사항 없음
⏭️  [kim-project-cli] 변경사항 없음
⏭️  [freelang-playground] 변경사항 없음
⏭️  [freelang-website] 변경사항 없음

=== 결과: 성공 0, 실패 0 ===
