2026-03-08T10:45:12: PM2 log: ===============================================================================
2026-03-08T10:45:12: PM2 log: --- New PM2 Daemon started ----------------------------------------------------
2026-03-08T10:45:12: PM2 log: Time                 : Sun Mar 08 2026 10:45:12 GMT+0900 (Korean Standard Time)
2026-03-08T10:45:12: PM2 log: PM2 version          : 6.0.14
2026-03-08T10:45:12: PM2 log: Node.js version      : 25.3.0
2026-03-08T10:45:12: PM2 log: Current arch         : arm64
2026-03-08T10:45:12: PM2 log: PM2 home             : /data/data/com.termux/files/home/.pm2
2026-03-08T10:45:12: PM2 log: PM2 PID file         : /data/data/com.termux/files/home/.pm2/pm2.pid
2026-03-08T10:45:12: PM2 log: RPC socket file      : /data/data/com.termux/files/home/.pm2/rpc.sock
2026-03-08T10:45:12: PM2 log: BUS socket file      : /data/data/com.termux/files/home/.pm2/pub.sock
2026-03-08T10:45:12: PM2 log: Application log path : /data/data/com.termux/files/home/.pm2/logs
2026-03-08T10:45:12: PM2 log: Worker Interval      : 30000
2026-03-08T10:45:12: PM2 log: Process dump file    : /data/data/com.termux/files/home/.pm2/dump.pm2
2026-03-08T10:45:12: PM2 log: Concurrent actions   : 2
2026-03-08T10:45:12: PM2 log: SIGTERM timeout      : 1600
2026-03-08T10:45:12: PM2 log: Runtime Binary       : /data/data/com.termux/files/usr/bin/node
2026-03-08T10:45:12: PM2 log: ===============================================================================
2026-03-08T10:45:12: PM2 log: App [freelang-server:0] starting in -fork mode-
2026-03-08T10:45:12: PM2 log: App [freelang-server:0] online
2026-03-08T10:45:12: PM2 warn: [pidusage] We couldn't find uptime from /proc/uptime, using os.uptime() value
2026-03-08T10:45:12: PM2 error: Error while calling "getconf CLK_TCK" Error: Command failed: getconf CLK_TCK
/data/data/com.termux/files/usr/bin/sh: 1: getconf: Operation not permitted

    at genericNodeError (node:internal/errors:998:15)
    at wrappedFn (node:internal/errors:543:14)
    at ChildProcess.exithandler (node:child_process:417:12)
    at ChildProcess.emit (node:events:508:28)
    at ChildProcess.emit (node:domain:552:15)
    at maybeClose (node:internal/child_process:1085:16)
    at Socket.<anonymous> (node:internal/child_process:456:11)
    at Socket.emit (node:events:508:28)
    at Socket.emit (node:domain:552:15)
    at Pipe.<anonymous> (node:net:346:12) {
  code: 126,
  killed: false,
  signal: null,
  cmd: 'getconf CLK_TCK'
}
2026-03-08T10:45:12: PM2 error: Error while calling "getconf PAGESIZE" Error: Command failed: getconf PAGESIZE
/data/data/com.termux/files/usr/bin/sh: 1: getconf: Operation not permitted

    at genericNodeError (node:internal/errors:998:15)
    at wrappedFn (node:internal/errors:543:14)
    at ChildProcess.exithandler (node:child_process:417:12)
    at ChildProcess.emit (node:events:508:28)
    at ChildProcess.emit (node:domain:552:15)
    at maybeClose (node:internal/child_process:1085:16)
    at Socket.<anonymous> (node:internal/child_process:456:11)
    at Socket.emit (node:events:508:28)
    at Socket.emit (node:domain:552:15)
    at Pipe.<anonymous> (node:net:346:12) {
  code: 126,
  killed: false,
  signal: null,
  cmd: 'getconf PAGESIZE'
}
2026-03-08T10:45:18: PM2 warn: [pidusage] We couldn't find uptime from /proc/uptime, using os.uptime() value
2026-03-08T10:45:18: PM2 warn: [pidusage] We couldn't find uptime from /proc/uptime, using os.uptime() value
2026-03-08T10:45:19: PM2 warn: [pidusage] We couldn't find uptime from /proc/uptime, using os.uptime() value
2026-03-08T10:45:43: PM2 warn: [pidusage] We couldn't find uptime from /proc/uptime, using os.uptime() value
2026-03-08T10:46:13: PM2 warn: [pidusage] We couldn't find uptime from /proc/uptime, using os.uptime() value
2026-03-08T10:46:43: PM2 warn: [pidusage] We couldn't find uptime from /proc/uptime, using os.uptime() value
2026-03-08T10:46:52: PM2 warn: [pidusage] We couldn't find uptime from /proc/uptime, using os.uptime() value
2026-03-08T10:46:52: PM2 warn: [pidusage] We couldn't find uptime from /proc/uptime, using os.uptime() value
2026-03-08T10:46:53: PM2 warn: [pidusage] We couldn't find uptime from /proc/uptime, using os.uptime() value
2026-03-08T10:47:13: PM2 warn: [pidusage] We couldn't find uptime from /proc/uptime, using os.uptime() value
2026-03-08T10:47:43: PM2 warn: [pidusage] We couldn't find uptime from /proc/uptime, using os.uptime() value
2026-03-08T10:48:13: PM2 warn: [pidusage] We couldn't find uptime from /proc/uptime, using os.uptime() value
2026-03-08T10:48:43: PM2 warn: [pidusage] We couldn't find uptime from /proc/uptime, using os.uptime() value
2026-03-08T10:49:13: PM2 warn: [pidusage] We couldn't find uptime from /proc/uptime, using os.uptime() value
2026-03-08T10:49:43: PM2 warn: [pidusage] We couldn't find uptime from /proc/uptime, using os.uptime() value
2026-03-08T10:50:13: PM2 warn: [pidusage] We couldn't find uptime from /proc/uptime, using os.uptime() value
2026-03-08T10:50:43: PM2 warn: [pidusage] We couldn't find uptime from /proc/uptime, using os.uptime() value
2026-03-08T10:51:13: PM2 warn: [pidusage] We couldn't find uptime from /proc/uptime, using os.uptime() value
2026-03-08T10:51:43: PM2 warn: [pidusage] We couldn't find uptime from /proc/uptime, using os.uptime() value
2026-03-08T10:52:13: PM2 warn: [pidusage] We couldn't find uptime from /proc/uptime, using os.uptime() value
2026-03-08T10:52:43: PM2 warn: [pidusage] We couldn't find uptime from /proc/uptime, using os.uptime() value
2026-03-08T10:53:13: PM2 warn: [pidusage] We couldn't find uptime from /proc/uptime, using os.uptime() value
2026-03-08T10:53:43: PM2 warn: [pidusage] We couldn't find uptime from /proc/uptime, using os.uptime() value
2026-03-08T10:54:13: PM2 warn: [pidusage] We couldn't find uptime from /proc/uptime, using os.uptime() value
2026-03-08T10:54:43: PM2 warn: [pidusage] We couldn't find uptime from /proc/uptime, using os.uptime() value
2026-03-08T10:55:13: PM2 warn: [pidusage] We couldn't find uptime from /proc/uptime, using os.uptime() value
2026-03-08T10:55:43: PM2 warn: [pidusage] We couldn't find uptime from /proc/uptime, using os.uptime() value
2026-03-08T10:56:13: PM2 warn: [pidusage] We couldn't find uptime from /proc/uptime, using os.uptime() value
2026-03-08T10:56:43: PM2 warn: [pidusage] We couldn't find uptime from /proc/uptime, using os.uptime() value
2026-03-08T10:57:13: PM2 warn: [pidusage] We couldn't find uptime from /proc/uptime, using os.uptime() value
2026-03-08T10:57:43: PM2 warn: [pidusage] We couldn't find uptime from /proc/uptime, using os.uptime() value
2026-03-08T10:58:13: PM2 warn: [pidusage] We couldn't find uptime from /proc/uptime, using os.uptime() value
2026-03-08T10:58:43: PM2 warn: [pidusage] We couldn't find uptime from /proc/uptime, using os.uptime() value
2026-03-08T10:59:13: PM2 warn: [pidusage] We couldn't find uptime from /proc/uptime, using os.uptime() value
2026-03-08T10:59:43: PM2 warn: [pidusage] We couldn't find uptime from /proc/uptime, using os.uptime() value
2026-03-08T11:00:13: PM2 warn: [pidusage] We couldn't find uptime from /proc/uptime, using os.uptime() value
2026-03-08T11:00:43: PM2 warn: [pidusage] We couldn't find uptime from /proc/uptime, using os.uptime() value
2026-03-08T11:01:13: PM2 warn: [pidusage] We couldn't find uptime from /proc/uptime, using os.uptime() value
2026-03-08T11:01:43: PM2 warn: [pidusage] We couldn't find uptime from /proc/uptime, using os.uptime() value
2026-03-08T11:02:13: PM2 warn: [pidusage] We couldn't find uptime from /proc/uptime, using os.uptime() value
2026-03-08T11:02:43: PM2 warn: [pidusage] We couldn't find uptime from /proc/uptime, using os.uptime() value
2026-03-08T11:03:13: PM2 warn: [pidusage] We couldn't find uptime from /proc/uptime, using os.uptime() value
2026-03-08T11:03:43: PM2 warn: [pidusage] We couldn't find uptime from /proc/uptime, using os.uptime() value
2026-03-08T11:04:13: PM2 warn: [pidusage] We couldn't find uptime from /proc/uptime, using os.uptime() value
2026-03-08T11:04:43: PM2 warn: [pidusage] We couldn't find uptime from /proc/uptime, using os.uptime() value
2026-03-08T11:05:13: PM2 warn: [pidusage] We couldn't find uptime from /proc/uptime, using os.uptime() value
2026-03-08T11:05:43: PM2 warn: [pidusage] We couldn't find uptime from /proc/uptime, using os.uptime() value
2026-03-08T11:06:13: PM2 warn: [pidusage] We couldn't find uptime from /proc/uptime, using os.uptime() value
2026-03-08T11:06:43: PM2 warn: [pidusage] We couldn't find uptime from /proc/uptime, using os.uptime() value
2026-03-08T11:07:13: PM2 warn: [pidusage] We couldn't find uptime from /proc/uptime, using os.uptime() value
2026-03-08T11:07:43: PM2 warn: [pidusage] We couldn't find uptime from /proc/uptime, using os.uptime() value
2026-03-08T11:08:13: PM2 warn: [pidusage] We couldn't find uptime from /proc/uptime, using os.uptime() value
2026-03-08T11:08:43: PM2 warn: [pidusage] We couldn't find uptime from /proc/uptime, using os.uptime() value
2026-03-08T11:09:13: PM2 warn: [pidusage] We couldn't find uptime from /proc/uptime, using os.uptime() value
2026-03-08T11:09:43: PM2 warn: [pidusage] We couldn't find uptime from /proc/uptime, using os.uptime() value
2026-03-08T11:10:13: PM2 warn: [pidusage] We couldn't find uptime from /proc/uptime, using os.uptime() value
2026-03-08T11:10:43: PM2 warn: [pidusage] We couldn't find uptime from /proc/uptime, using os.uptime() value
2026-03-08T11:11:13: PM2 warn: [pidusage] We couldn't find uptime from /proc/uptime, using os.uptime() value
2026-03-08T11:11:43: PM2 warn: [pidusage] We couldn't find uptime from /proc/uptime, using os.uptime() value
2026-03-08T11:12:13: PM2 warn: [pidusage] We couldn't find uptime from /proc/uptime, using os.uptime() value
2026-03-08T11:12:43: PM2 warn: [pidusage] We couldn't find uptime from /proc/uptime, using os.uptime() value
2026-03-08T11:13:13: PM2 warn: [pidusage] We couldn't find uptime from /proc/uptime, using os.uptime() value
2026-03-08T11:13:43: PM2 warn: [pidusage] We couldn't find uptime from /proc/uptime, using os.uptime() value
2026-03-08T11:14:13: PM2 warn: [pidusage] We couldn't find uptime from /proc/uptime, using os.uptime() value
2026-03-08T11:14:43: PM2 warn: [pidusage] We couldn't find uptime from /proc/uptime, using os.uptime() value
2026-03-08T11:15:13: PM2 warn: [pidusage] We couldn't find uptime from /proc/uptime, using os.uptime() value
2026-03-08T11:15:43: PM2 warn: [pidusage] We couldn't find uptime from /proc/uptime, using os.uptime() value
2026-03-08T11:16:13: PM2 warn: [pidusage] We couldn't find uptime from /proc/uptime, using os.uptime() value
2026-03-08T11:16:43: PM2 warn: [pidusage] We couldn't find uptime from /proc/uptime, using os.uptime() value
2026-03-08T11:17:13: PM2 warn: [pidusage] We couldn't find uptime from /proc/uptime, using os.uptime() value
2026-03-08T11:17:43: PM2 warn: [pidusage] We couldn't find uptime from /proc/uptime, using os.uptime() value
2026-03-08T11:18:13: PM2 warn: [pidusage] We couldn't find uptime from /proc/uptime, using os.uptime() value
2026-03-08T11:18:43: PM2 warn: [pidusage] We couldn't find uptime from /proc/uptime, using os.uptime() value
2026-03-08T11:19:13: PM2 warn: [pidusage] We couldn't find uptime from /proc/uptime, using os.uptime() value
2026-03-08T11:19:43: PM2 warn: [pidusage] We couldn't find uptime from /proc/uptime, using os.uptime() value
2026-03-08T11:20:13: PM2 warn: [pidusage] We couldn't find uptime from /proc/uptime, using os.uptime() value
2026-03-08T11:20:43: PM2 warn: [pidusage] We couldn't find uptime from /proc/uptime, using os.uptime() value
2026-03-08T11:21:13: PM2 warn: [pidusage] We couldn't find uptime from /proc/uptime, using os.uptime() value
2026-03-08T11:21:43: PM2 warn: [pidusage] We couldn't find uptime from /proc/uptime, using os.uptime() value
2026-03-08T11:22:13: PM2 warn: [pidusage] We couldn't find uptime from /proc/uptime, using os.uptime() value
2026-03-08T11:22:43: PM2 warn: [pidusage] We couldn't find uptime from /proc/uptime, using os.uptime() value
2026-03-08T11:23:13: PM2 warn: [pidusage] We couldn't find uptime from /proc/uptime, using os.uptime() value
2026-03-08T11:23:43: PM2 warn: [pidusage] We couldn't find uptime from /proc/uptime, using os.uptime() value
2026-03-08T11:24:13: PM2 warn: [pidusage] We couldn't find uptime from /proc/uptime, using os.uptime() value
2026-03-08T11:24:43: PM2 warn: [pidusage] We couldn't find uptime from /proc/uptime, using os.uptime() value
2026-03-08T11:25:13: PM2 warn: [pidusage] We couldn't find uptime from /proc/uptime, using os.uptime() value
2026-03-08T11:25:43: PM2 warn: [pidusage] We couldn't find uptime from /proc/uptime, using os.uptime() value
2026-03-08T11:26:13: PM2 warn: [pidusage] We couldn't find uptime from /proc/uptime, using os.uptime() value
2026-03-08T11:26:43: PM2 warn: [pidusage] We couldn't find uptime from /proc/uptime, using os.uptime() value
2026-03-08T11:27:13: PM2 warn: [pidusage] We couldn't find uptime from /proc/uptime, using os.uptime() value
2026-03-08T11:27:43: PM2 warn: [pidusage] We couldn't find uptime from /proc/uptime, using os.uptime() value
2026-03-08T11:28:13: PM2 warn: [pidusage] We couldn't find uptime from /proc/uptime, using os.uptime() value
2026-03-08T11:28:43: PM2 warn: [pidusage] We couldn't find uptime from /proc/uptime, using os.uptime() value
2026-03-08T11:29:13: PM2 warn: [pidusage] We couldn't find uptime from /proc/uptime, using os.uptime() value
2026-03-08T11:29:43: PM2 warn: [pidusage] We couldn't find uptime from /proc/uptime, using os.uptime() value
2026-03-08T11:30:13: PM2 warn: [pidusage] We couldn't find uptime from /proc/uptime, using os.uptime() value
2026-03-08T11:30:43: PM2 warn: [pidusage] We couldn't find uptime from /proc/uptime, using os.uptime() value
2026-03-08T11:31:13: PM2 warn: [pidusage] We couldn't find uptime from /proc/uptime, using os.uptime() value
2026-03-08T11:31:43: PM2 warn: [pidusage] We couldn't find uptime from /proc/uptime, using os.uptime() value
2026-03-08T11:32:13: PM2 warn: [pidusage] We couldn't find uptime from /proc/uptime, using os.uptime() value
2026-03-08T11:32:43: PM2 warn: [pidusage] We couldn't find uptime from /proc/uptime, using os.uptime() value
2026-03-08T11:33:13: PM2 warn: [pidusage] We couldn't find uptime from /proc/uptime, using os.uptime() value
2026-03-08T11:33:43: PM2 warn: [pidusage] We couldn't find uptime from /proc/uptime, using os.uptime() value
2026-03-08T11:34:13: PM2 warn: [pidusage] We couldn't find uptime from /proc/uptime, using os.uptime() value
2026-03-08T11:34:43: PM2 warn: [pidusage] We couldn't find uptime from /proc/uptime, using os.uptime() value
2026-03-08T11:35:13: PM2 warn: [pidusage] We couldn't find uptime from /proc/uptime, using os.uptime() value
2026-03-08T11:35:43: PM2 warn: [pidusage] We couldn't find uptime from /proc/uptime, using os.uptime() value
2026-03-08T11:36:13: PM2 warn: [pidusage] We couldn't find uptime from /proc/uptime, using os.uptime() value
2026-03-08T11:36:43: PM2 warn: [pidusage] We couldn't find uptime from /proc/uptime, using os.uptime() value
2026-03-08T11:37:13: PM2 warn: [pidusage] We couldn't find uptime from /proc/uptime, using os.uptime() value
2026-03-08T11:37:43: PM2 warn: [pidusage] We couldn't find uptime from /proc/uptime, using os.uptime() value
2026-03-08T11:38:13: PM2 warn: [pidusage] We couldn't find uptime from /proc/uptime, using os.uptime() value
2026-03-08T11:38:43: PM2 warn: [pidusage] We couldn't find uptime from /proc/uptime, using os.uptime() value
2026-03-08T11:39:13: PM2 warn: [pidusage] We couldn't find uptime from /proc/uptime, using os.uptime() value
2026-03-08T11:39:43: PM2 warn: [pidusage] We couldn't find uptime from /proc/uptime, using os.uptime() value
2026-03-08T11:40:13: PM2 warn: [pidusage] We couldn't find uptime from /proc/uptime, using os.uptime() value
2026-03-08T11:40:43: PM2 warn: [pidusage] We couldn't find uptime from /proc/uptime, using os.uptime() value
2026-03-08T11:41:13: PM2 warn: [pidusage] We couldn't find uptime from /proc/uptime, using os.uptime() value
2026-03-08T11:41:43: PM2 warn: [pidusage] We couldn't find uptime from /proc/uptime, using os.uptime() value
2026-03-08T11:42:13: PM2 warn: [pidusage] We couldn't find uptime from /proc/uptime, using os.uptime() value
