🚀 모든 프로젝트 포스트 생성 시작

📊 분석 중: freelang-mobile
🚀 220프로젝트 자동화 시작

📊 발견된 프로젝트: 54개


📝 처리 중: core/freelang-mobile
📊 분석 중: freelang-mobile
  ✅ 분석 완료: 0 줄 코드, 0 테스트
📝 포스트 생성 중...
  ✅ 분석 완료: 0 줄 코드, 0 테스트
  ✅ Post 1: 프로젝트 개요 & 역사
📝 포스트 생성 중...
  ✅ Post 2: 아키텍처 & 설계
  ✅ Post 1: 프로젝트 개요 & 역사
  ✅ Post 3: 구현 상세 - Part 1
  ✅ Post 2: 아키텍처 & 설계
  ✅ Post 4: 구현 상세 - Part 2
  ✅ Post 3: 구현 상세 - Part 1
  ✅ Post 5: 테스트 & 검증
  ✅ Post 4: 구현 상세 - Part 2
  ✅ Post 6: 성능 벤치마크
  ✅ Post 5: 테스트 & 검증
  ✅ Post 7: 실제 사용 사례
  ✅ Post 6: 성능 벤치마크
  ✅ Post 8: 확장성 & 미래
  ✅ Post 7: 실제 사용 사례
  ✅ Post 9: 비교 분석
  ✅ Post 8: 확장성 & 미래
  ✅ Post 10: 심화 토픽 & 연구
  ✅ Post 9: 비교 분석
💾 포스트 저장 중...
  ✅ 10개 포스트 저장 완료
  ✅ Post 10: 심화 토픽 & 연구

✅ freelang-mobile 완료!
  📊 포스트: 10개
  📝 총 단어: 601
💾 포스트 저장 중...
  ✅ 10개 포스트 저장 완료

📊 분석 중: freelang-compiler

✅ freelang-mobile 완료!
  📊 포스트: 10개
  📝 총 단어: 601
  ✅ freelang-mobile: 10 포스트 생성
  ✅ 분석 완료: 0 줄 코드, 0 테스트
📝 포스트 생성 중...
  ✅ Post 1: 프로젝트 개요 & 역사
  ✅ Post 2: 아키텍처 & 설계
  ✅ Post 3: 구현 상세 - Part 1
  ✅ Post 4: 구현 상세 - Part 2
  ✅ Post 5: 테스트 & 검증
  ✅ Post 6: 성능 벤치마크
  ✅ Post 7: 실제 사용 사례
  ✅ Post 8: 확장성 & 미래
  ✅ Post 9: 비교 분석
  ✅ Post 10: 심화 토픽 & 연구
💾 포스트 저장 중...
  ✅ 10개 포스트 저장 완료

✅ freelang-compiler 완료!
  📊 포스트: 10개
  📝 총 단어: 601

📊 분석 중: freelang-runtime
  ✅ 분석 완료: 0 줄 코드, 0 테스트
📝 포스트 생성 중...
  ✅ Post 1: 프로젝트 개요 & 역사
  ✅ Post 2: 아키텍처 & 설계
  ✅ Post 3: 구현 상세 - Part 1
  ✅ Post 4: 구현 상세 - Part 2
  ✅ Post 5: 테스트 & 검증
  ✅ Post 6: 성능 벤치마크
  ✅ Post 7: 실제 사용 사례
  ✅ Post 8: 확장성 & 미래
  ✅ Post 9: 비교 분석
  ✅ Post 10: 심화 토픽 & 연구
💾 포스트 저장 중...
  ✅ 10개 포스트 저장 완료

✅ freelang-runtime 완료!
  📊 포스트: 10개
  📝 총 단어: 601

⚠️  프로젝트 없음: experiments/semantic-search
═══════════════════════════════════════
📊 최종 보고
═══════════════════════════════════════
✅ 성공: 3
❌ 실패: 0
📝 총 포스트: 30

📝 처리 중: modules/ai-accelerator-compiler
📊 분석 중: ai-accelerator-compiler
  ✅ 분석 완료: 0 줄 코드, 0 테스트
📝 포스트 생성 중...
  ✅ Post 1: 프로젝트 개요 & 역사
  ✅ Post 2: 아키텍처 & 설계
  ✅ Post 3: 구현 상세 - Part 1
  ✅ Post 4: 구현 상세 - Part 2
  ✅ Post 5: 테스트 & 검증
  ✅ Post 6: 성능 벤치마크
  ✅ Post 7: 실제 사용 사례
  ✅ Post 8: 확장성 & 미래
  ✅ Post 9: 비교 분석
  ✅ Post 10: 심화 토픽 & 연구
💾 포스트 저장 중...
  ✅ 10개 포스트 저장 완료

✅ ai-accelerator-compiler 완료!
  📊 포스트: 10개
  📝 총 단어: 601
  ✅ ai-accelerator-compiler: 10 포스트 생성

📝 처리 중: modules/clarity-lang
📊 분석 중: clarity-lang
  ✅ 분석 완료: 0 줄 코드, 0 테스트
📝 포스트 생성 중...
  ✅ Post 1: 프로젝트 개요 & 역사
  ✅ Post 2: 아키텍처 & 설계
  ✅ Post 3: 구현 상세 - Part 1
  ✅ Post 4: 구현 상세 - Part 2
  ✅ Post 5: 테스트 & 검증
  ✅ Post 6: 성능 벤치마크
  ✅ Post 7: 실제 사용 사례
  ✅ Post 8: 확장성 & 미래
  ✅ Post 9: 비교 분석
  ✅ Post 10: 심화 토픽 & 연구
💾 포스트 저장 중...
  ✅ 10개 포스트 저장 완료

✅ clarity-lang 완료!
  📊 포스트: 10개
  📝 총 단어: 601
  ✅ clarity-lang: 10 포스트 생성

📝 처리 중: modules/freelang-aot-compiler
📊 분석 중: freelang-aot-compiler
  ✅ 분석 완료: 0 줄 코드, 0 테스트
📝 포스트 생성 중...
  ✅ Post 1: 프로젝트 개요 & 역사
  ✅ Post 2: 아키텍처 & 설계
  ✅ Post 3: 구현 상세 - Part 1
  ✅ Post 4: 구현 상세 - Part 2
  ✅ Post 5: 테스트 & 검증
  ✅ Post 6: 성능 벤치마크
  ✅ Post 7: 실제 사용 사례
  ✅ Post 8: 확장성 & 미래
  ✅ Post 9: 비교 분석
  ✅ Post 10: 심화 토픽 & 연구
💾 포스트 저장 중...
  ✅ 10개 포스트 저장 완료

✅ freelang-aot-compiler 완료!
  📊 포스트: 10개
  📝 총 단어: 601
  ✅ freelang-aot-compiler: 10 포스트 생성

📝 처리 중: modules/freelang-compiler
📊 분석 중: freelang-compiler
  ✅ 분석 완료: 0 줄 코드, 0 테스트
📝 포스트 생성 중...
  ✅ Post 1: 프로젝트 개요 & 역사
  ✅ Post 2: 아키텍처 & 설계
  ✅ Post 3: 구현 상세 - Part 1
  ✅ Post 4: 구현 상세 - Part 2
  ✅ Post 5: 테스트 & 검증
  ✅ Post 6: 성능 벤치마크
  ✅ Post 7: 실제 사용 사례
  ✅ Post 8: 확장성 & 미래
  ✅ Post 9: 비교 분석
  ✅ Post 10: 심화 토픽 & 연구
💾 포스트 저장 중...
  ✅ 10개 포스트 저장 완료

✅ freelang-compiler 완료!
  📊 포스트: 10개
  📝 총 단어: 601
  ✅ freelang-compiler: 10 포스트 생성

📝 처리 중: modules/freelang-database-functions
📊 분석 중: freelang-database-functions
  ✅ 분석 완료: 0 줄 코드, 0 테스트
📝 포스트 생성 중...
  ✅ Post 1: 프로젝트 개요 & 역사
  ✅ Post 2: 아키텍처 & 설계
  ✅ Post 3: 구현 상세 - Part 1
  ✅ Post 4: 구현 상세 - Part 2
  ✅ Post 5: 테스트 & 검증
  ✅ Post 6: 성능 벤치마크
  ✅ Post 7: 실제 사용 사례
  ✅ Post 8: 확장성 & 미래
  ✅ Post 9: 비교 분석
  ✅ Post 10: 심화 토픽 & 연구
💾 포스트 저장 중...
  ✅ 10개 포스트 저장 완료

✅ freelang-database-functions 완료!
  📊 포스트: 10개
  📝 총 단어: 601
  ✅ freelang-database-functions: 10 포스트 생성

📝 처리 중: modules/freelang-jit-compiler
📊 분석 중: freelang-jit-compiler
  ✅ 분석 완료: 0 줄 코드, 0 테스트
📝 포스트 생성 중...
  ✅ Post 1: 프로젝트 개요 & 역사
  ✅ Post 2: 아키텍처 & 설계
  ✅ Post 3: 구현 상세 - Part 1
  ✅ Post 4: 구현 상세 - Part 2
  ✅ Post 5: 테스트 & 검증
  ✅ Post 6: 성능 벤치마크
  ✅ Post 7: 실제 사용 사례
  ✅ Post 8: 확장성 & 미래
  ✅ Post 9: 비교 분석
  ✅ Post 10: 심화 토픽 & 연구
💾 포스트 저장 중...
  ✅ 10개 포스트 저장 완료

✅ freelang-jit-compiler 완료!
  📊 포스트: 10개
  📝 총 단어: 601
  ✅ freelang-jit-compiler: 10 포스트 생성

📝 처리 중: modules/freelang-phase6-runtime
📊 분석 중: freelang-phase6-runtime
  ✅ 분석 완료: 0 줄 코드, 0 테스트
📝 포스트 생성 중...
  ✅ Post 1: 프로젝트 개요 & 역사
  ✅ Post 2: 아키텍처 & 설계
  ✅ Post 3: 구현 상세 - Part 1
  ✅ Post 4: 구현 상세 - Part 2
  ✅ Post 5: 테스트 & 검증
  ✅ Post 6: 성능 벤치마크
  ✅ Post 7: 실제 사용 사례
  ✅ Post 8: 확장성 & 미래
  ✅ Post 9: 비교 분석
  ✅ Post 10: 심화 토픽 & 연구
💾 포스트 저장 중...
  ✅ 10개 포스트 저장 완료

✅ freelang-phase6-runtime 완료!
  📊 포스트: 10개
  📝 총 단어: 601
  ✅ freelang-phase6-runtime: 10 포스트 생성

📝 처리 중: modules/freelang-runtime
📊 분석 중: freelang-runtime
  ✅ 분석 완료: 0 줄 코드, 0 테스트
📝 포스트 생성 중...
  ✅ Post 1: 프로젝트 개요 & 역사
  ✅ Post 2: 아키텍처 & 설계
  ✅ Post 3: 구현 상세 - Part 1
  ✅ Post 4: 구현 상세 - Part 2
  ✅ Post 5: 테스트 & 검증
  ✅ Post 6: 성능 벤치마크
  ✅ Post 7: 실제 사용 사례
  ✅ Post 8: 확장성 & 미래
  ✅ Post 9: 비교 분석
  ✅ Post 10: 심화 토픽 & 연구
💾 포스트 저장 중...
  ✅ 10개 포스트 저장 완료

✅ freelang-runtime 완료!
  📊 포스트: 10개
  📝 총 단어: 601
  ✅ freelang-runtime: 10 포스트 생성

📝 처리 중: modules/freelang-stdlib
📊 분석 중: freelang-stdlib
  ✅ 분석 완료: 0 줄 코드, 0 테스트
📝 포스트 생성 중...
  ✅ Post 1: 프로젝트 개요 & 역사
  ✅ Post 2: 아키텍처 & 설계
  ✅ Post 3: 구현 상세 - Part 1
  ✅ Post 4: 구현 상세 - Part 2
  ✅ Post 5: 테스트 & 검증
  ✅ Post 6: 성능 벤치마크
  ✅ Post 7: 실제 사용 사례
  ✅ Post 8: 확장성 & 미래
  ✅ Post 9: 비교 분석
  ✅ Post 10: 심화 토픽 & 연구
💾 포스트 저장 중...
  ✅ 10개 포스트 저장 완료

✅ freelang-stdlib 완료!
  📊 포스트: 10개
  📝 총 단어: 601
  ✅ freelang-stdlib: 10 포스트 생성

📝 처리 중: modules/freelang-v4-compiler-optimizer
📊 분석 중: freelang-v4-compiler-optimizer
  ✅ 분석 완료: 0 줄 코드, 0 테스트
📝 포스트 생성 중...
  ✅ Post 1: 프로젝트 개요 & 역사
  ✅ Post 2: 아키텍처 & 설계
  ✅ Post 3: 구현 상세 - Part 1
  ✅ Post 4: 구현 상세 - Part 2
  ✅ Post 5: 테스트 & 검증
  ✅ Post 6: 성능 벤치마크
  ✅ Post 7: 실제 사용 사례
  ✅ Post 8: 확장성 & 미래
  ✅ Post 9: 비교 분석
  ✅ Post 10: 심화 토픽 & 연구
💾 포스트 저장 중...
  ✅ 10개 포스트 저장 완료

✅ freelang-v4-compiler-optimizer 완료!
  📊 포스트: 10개
  📝 총 단어: 601
  ✅ freelang-v4-compiler-optimizer: 10 포스트 생성

📝 처리 중: modules/freelang-v4-jit
📊 분석 중: freelang-v4-jit
  ✅ 분석 완료: 0 줄 코드, 0 테스트
📝 포스트 생성 중...
  ✅ Post 1: 프로젝트 개요 & 역사
  ✅ Post 2: 아키텍처 & 설계
  ✅ Post 3: 구현 상세 - Part 1
  ✅ Post 4: 구현 상세 - Part 2
  ✅ Post 5: 테스트 & 검증
  ✅ Post 6: 성능 벤치마크
  ✅ Post 7: 실제 사용 사례
  ✅ Post 8: 확장성 & 미래
  ✅ Post 9: 비교 분석
  ✅ Post 10: 심화 토픽 & 연구
💾 포스트 저장 중...
  ✅ 10개 포스트 저장 완료

✅ freelang-v4-jit 완료!
  📊 포스트: 10개
  📝 총 단어: 601
  ✅ freelang-v4-jit: 10 포스트 생성

📝 처리 중: modules/freelang-v4-orm
📊 분석 중: freelang-v4-orm
  ✅ 분석 완료: 0 줄 코드, 0 테스트
📝 포스트 생성 중...
  ✅ Post 1: 프로젝트 개요 & 역사
  ✅ Post 2: 아키텍처 & 설계
  ✅ Post 3: 구현 상세 - Part 1
  ✅ Post 4: 구현 상세 - Part 2
  ✅ Post 5: 테스트 & 검증
  ✅ Post 6: 성능 벤치마크
  ✅ Post 7: 실제 사용 사례
  ✅ Post 8: 확장성 & 미래
  ✅ Post 9: 비교 분석
  ✅ Post 10: 심화 토픽 & 연구
💾 포스트 저장 중...
  ✅ 10개 포스트 저장 완료

✅ freelang-v4-orm 완료!
  📊 포스트: 10개
  📝 총 단어: 601
  ✅ freelang-v4-orm: 10 포스트 생성

📝 처리 중: modules/freelang-v4-query-performance
📊 분석 중: freelang-v4-query-performance
  ✅ 분석 완료: 0 줄 코드, 0 테스트
📝 포스트 생성 중...
  ✅ Post 1: 프로젝트 개요 & 역사
  ✅ Post 2: 아키텍처 & 설계
  ✅ Post 3: 구현 상세 - Part 1
  ✅ Post 4: 구현 상세 - Part 2
  ✅ Post 5: 테스트 & 검증
  ✅ Post 6: 성능 벤치마크
  ✅ Post 7: 실제 사용 사례
  ✅ Post 8: 확장성 & 미래
  ✅ Post 9: 비교 분석
  ✅ Post 10: 심화 토픽 & 연구
💾 포스트 저장 중...
  ✅ 10개 포스트 저장 완료

✅ freelang-v4-query-performance 완료!
  📊 포스트: 10개
  📝 총 단어: 601
  ✅ freelang-v4-query-performance: 10 포스트 생성

📝 처리 중: modules/freelang-vm
📊 분석 중: freelang-vm
  ✅ 분석 완료: 0 줄 코드, 0 테스트
📝 포스트 생성 중...
  ✅ Post 1: 프로젝트 개요 & 역사
  ✅ Post 2: 아키텍처 & 설계
  ✅ Post 3: 구현 상세 - Part 1
  ✅ Post 4: 구현 상세 - Part 2
  ✅ Post 5: 테스트 & 검증
  ✅ Post 6: 성능 벤치마크
  ✅ Post 7: 실제 사용 사례
  ✅ Post 8: 확장성 & 미래
  ✅ Post 9: 비교 분석
  ✅ Post 10: 심화 토픽 & 연구
💾 포스트 저장 중...
  ✅ 10개 포스트 저장 완료

✅ freelang-vm 완료!
  📊 포스트: 10개
  📝 총 단어: 601
  ✅ freelang-vm: 10 포스트 생성

📝 처리 중: modules/freelang-vm-runtime
📊 분석 중: freelang-vm-runtime
  ✅ 분석 완료: 0 줄 코드, 0 테스트
📝 포스트 생성 중...
  ✅ Post 1: 프로젝트 개요 & 역사
  ✅ Post 2: 아키텍처 & 설계
  ✅ Post 3: 구현 상세 - Part 1
  ✅ Post 4: 구현 상세 - Part 2
  ✅ Post 5: 테스트 & 검증
  ✅ Post 6: 성능 벤치마크
  ✅ Post 7: 실제 사용 사례
  ✅ Post 8: 확장성 & 미래
  ✅ Post 9: 비교 분석
  ✅ Post 10: 심화 토픽 & 연구
💾 포스트 저장 중...
  ✅ 10개 포스트 저장 완료

✅ freelang-vm-runtime 완료!
  📊 포스트: 10개
  📝 총 단어: 601
  ✅ freelang-vm-runtime: 10 포스트 생성

📝 처리 중: modules/llvm-tier1-analysis
📊 분석 중: llvm-tier1-analysis
  ✅ 분석 완료: 0 줄 코드, 0 테스트
📝 포스트 생성 중...
  ✅ Post 1: 프로젝트 개요 & 역사
  ✅ Post 2: 아키텍처 & 설계
  ✅ Post 3: 구현 상세 - Part 1
  ✅ Post 4: 구현 상세 - Part 2
  ✅ Post 5: 테스트 & 검증
  ✅ Post 6: 성능 벤치마크
  ✅ Post 7: 실제 사용 사례
  ✅ Post 8: 확장성 & 미래
  ✅ Post 9: 비교 분석
  ✅ Post 10: 심화 토픽 & 연구
💾 포스트 저장 중...
  ✅ 10개 포스트 저장 완료

✅ llvm-tier1-analysis 완료!
  📊 포스트: 10개
  📝 총 단어: 601
  ✅ llvm-tier1-analysis: 10 포스트 생성

📝 처리 중: modules/mindlang-formal-parser
📊 분석 중: mindlang-formal-parser
  ✅ 분석 완료: 0 줄 코드, 0 테스트
📝 포스트 생성 중...
  ✅ Post 1: 프로젝트 개요 & 역사
  ✅ Post 2: 아키텍처 & 설계
  ✅ Post 3: 구현 상세 - Part 1
  ✅ Post 4: 구현 상세 - Part 2
  ✅ Post 5: 테스트 & 검증
  ✅ Post 6: 성능 벤치마크
  ✅ Post 7: 실제 사용 사례
  ✅ Post 8: 확장성 & 미래
  ✅ Post 9: 비교 분석
  ✅ Post 10: 심화 토픽 & 연구
💾 포스트 저장 중...
  ✅ 10개 포스트 저장 완료

✅ mindlang-formal-parser 완료!
  📊 포스트: 10개
  📝 총 단어: 601
  ✅ mindlang-formal-parser: 10 포스트 생성

📝 처리 중: modules/sovereign-unified-platform
📊 분석 중: sovereign-unified-platform
  ✅ 분석 완료: 0 줄 코드, 0 테스트
📝 포스트 생성 중...
  ✅ Post 1: 프로젝트 개요 & 역사
  ✅ Post 2: 아키텍처 & 설계
  ✅ Post 3: 구현 상세 - Part 1
  ✅ Post 4: 구현 상세 - Part 2
  ✅ Post 5: 테스트 & 검증
  ✅ Post 6: 성능 벤치마크
  ✅ Post 7: 실제 사용 사례
  ✅ Post 8: 확장성 & 미래
  ✅ Post 9: 비교 분석
  ✅ Post 10: 심화 토픽 & 연구
💾 포스트 저장 중...
  ✅ 10개 포스트 저장 완료

✅ sovereign-unified-platform 완료!
  📊 포스트: 10개
  📝 총 단어: 601
  ✅ sovereign-unified-platform: 10 포스트 생성

📝 처리 중: modules/zig-compiler
📊 분석 중: zig-compiler
  ✅ 분석 완료: 0 줄 코드, 0 테스트
📝 포스트 생성 중...
  ✅ Post 1: 프로젝트 개요 & 역사
  ✅ Post 2: 아키텍처 & 설계
  ✅ Post 3: 구현 상세 - Part 1
  ✅ Post 4: 구현 상세 - Part 2
  ✅ Post 5: 테스트 & 검증
  ✅ Post 6: 성능 벤치마크
  ✅ Post 7: 실제 사용 사례
  ✅ Post 8: 확장성 & 미래
  ✅ Post 9: 비교 분석
  ✅ Post 10: 심화 토픽 & 연구
💾 포스트 저장 중...
  ✅ 10개 포스트 저장 완료

✅ zig-compiler 완료!
  📊 포스트: 10개
  📝 총 단어: 601
  ✅ zig-compiler: 10 포스트 생성

📝 처리 중: modules/zig-study
📊 분석 중: zig-study
  ✅ 분석 완료: 0 줄 코드, 0 테스트
📝 포스트 생성 중...
  ✅ Post 1: 프로젝트 개요 & 역사
  ✅ Post 2: 아키텍처 & 설계
  ✅ Post 3: 구현 상세 - Part 1
  ✅ Post 4: 구현 상세 - Part 2
  ✅ Post 5: 테스트 & 검증
  ✅ Post 6: 성능 벤치마크
  ✅ Post 7: 실제 사용 사례
  ✅ Post 8: 확장성 & 미래
  ✅ Post 9: 비교 분석
  ✅ Post 10: 심화 토픽 & 연구
💾 포스트 저장 중...
  ✅ 10개 포스트 저장 완료

✅ zig-study 완료!
  📊 포스트: 10개
  📝 총 단어: 601
  ✅ zig-study: 10 포스트 생성

📝 처리 중: archived/challenge-17-quantum-crypto
📊 분석 중: challenge-17-quantum-crypto
  ✅ 분석 완료: 0 줄 코드, 0 테스트
📝 포스트 생성 중...
  ✅ Post 1: 프로젝트 개요 & 역사
  ✅ Post 2: 아키텍처 & 설계
  ✅ Post 3: 구현 상세 - Part 1
  ✅ Post 4: 구현 상세 - Part 2
  ✅ Post 5: 테스트 & 검증
  ✅ Post 6: 성능 벤치마크
  ✅ Post 7: 실제 사용 사례
  ✅ Post 8: 확장성 & 미래
  ✅ Post 9: 비교 분석
  ✅ Post 10: 심화 토픽 & 연구
💾 포스트 저장 중...
  ✅ 10개 포스트 저장 완료

✅ challenge-17-quantum-crypto 완료!
  📊 포스트: 10개
  📝 총 단어: 601
  ✅ challenge-17-quantum-crypto: 10 포스트 생성

📝 처리 중: archived/freelang-c-final
📊 분석 중: freelang-c-final
  ✅ 분석 완료: 0 줄 코드, 0 테스트
📝 포스트 생성 중...
  ✅ Post 1: 프로젝트 개요 & 역사
  ✅ Post 2: 아키텍처 & 설계
  ✅ Post 3: 구현 상세 - Part 1
  ✅ Post 4: 구현 상세 - Part 2
  ✅ Post 5: 테스트 & 검증
  ✅ Post 6: 성능 벤치마크
  ✅ Post 7: 실제 사용 사례
  ✅ Post 8: 확장성 & 미래
  ✅ Post 9: 비교 분석
  ✅ Post 10: 심화 토픽 & 연구
💾 포스트 저장 중...
  ✅ 10개 포스트 저장 완료

✅ freelang-c-final 완료!
  📊 포스트: 10개
  📝 총 단어: 601
  ✅ freelang-c-final: 10 포스트 생성

📝 처리 중: archived/freelang-c-phase9
📊 분석 중: freelang-c-phase9
  ✅ 분석 완료: 0 줄 코드, 0 테스트
📝 포스트 생성 중...
  ✅ Post 1: 프로젝트 개요 & 역사
  ✅ Post 2: 아키텍처 & 설계
  ✅ Post 3: 구현 상세 - Part 1
  ✅ Post 4: 구현 상세 - Part 2
  ✅ Post 5: 테스트 & 검증
  ✅ Post 6: 성능 벤치마크
  ✅ Post 7: 실제 사용 사례
  ✅ Post 8: 확장성 & 미래
  ✅ Post 9: 비교 분석
  ✅ Post 10: 심화 토픽 & 연구
💾 포스트 저장 중...
  ✅ 10개 포스트 저장 완료

✅ freelang-c-phase9 완료!
  📊 포스트: 10개
  📝 총 단어: 601
  ✅ freelang-c-phase9: 10 포스트 생성

📝 처리 중: archived/freelang-grie-phase3
📊 분석 중: freelang-grie-phase3
  ✅ 분석 완료: 0 줄 코드, 0 테스트
📝 포스트 생성 중...
  ✅ Post 1: 프로젝트 개요 & 역사
  ✅ Post 2: 아키텍처 & 설계
  ✅ Post 3: 구현 상세 - Part 1
  ✅ Post 4: 구현 상세 - Part 2
  ✅ Post 5: 테스트 & 검증
  ✅ Post 6: 성능 벤치마크
  ✅ Post 7: 실제 사용 사례
  ✅ Post 8: 확장성 & 미래
  ✅ Post 9: 비교 분석
  ✅ Post 10: 심화 토픽 & 연구
💾 포스트 저장 중...
  ✅ 10개 포스트 저장 완료

✅ freelang-grie-phase3 완료!
  📊 포스트: 10개
  📝 총 단어: 601
  ✅ freelang-grie-phase3: 10 포스트 생성

📝 처리 중: archived/freelang-phase10
📊 분석 중: freelang-phase10
  ✅ 분석 완료: 0 줄 코드, 0 테스트
📝 포스트 생성 중...
  ✅ Post 1: 프로젝트 개요 & 역사
  ✅ Post 2: 아키텍처 & 설계
  ✅ Post 3: 구현 상세 - Part 1
  ✅ Post 4: 구현 상세 - Part 2
  ✅ Post 5: 테스트 & 검증
  ✅ Post 6: 성능 벤치마크
  ✅ Post 7: 실제 사용 사례
  ✅ Post 8: 확장성 & 미래
  ✅ Post 9: 비교 분석
  ✅ Post 10: 심화 토픽 & 연구
💾 포스트 저장 중...
  ✅ 10개 포스트 저장 완료

✅ freelang-phase10 완료!
  📊 포스트: 10개
  📝 총 단어: 601
  ✅ freelang-phase10: 10 포스트 생성

📝 처리 중: archived/freelang-v2
📊 분석 중: freelang-v2
  ✅ 분석 완료: 0 줄 코드, 0 테스트
📝 포스트 생성 중...
  ✅ Post 1: 프로젝트 개요 & 역사
  ✅ Post 2: 아키텍처 & 설계
  ✅ Post 3: 구현 상세 - Part 1
  ✅ Post 4: 구현 상세 - Part 2
  ✅ Post 5: 테스트 & 검증
  ✅ Post 6: 성능 벤치마크
  ✅ Post 7: 실제 사용 사례
  ✅ Post 8: 확장성 & 미래
  ✅ Post 9: 비교 분석
  ✅ Post 10: 심화 토픽 & 연구
💾 포스트 저장 중...
  ✅ 10개 포스트 저장 완료

✅ freelang-v2 완료!
  📊 포스트: 10개
  📝 총 단어: 601
  ✅ freelang-v2: 10 포스트 생성

📝 처리 중: archived/freelang-v6
📊 분석 중: freelang-v6
  ✅ 분석 완료: 0 줄 코드, 0 테스트
📝 포스트 생성 중...
  ✅ Post 1: 프로젝트 개요 & 역사
  ✅ Post 2: 아키텍처 & 설계
  ✅ Post 3: 구현 상세 - Part 1
  ✅ Post 4: 구현 상세 - Part 2
  ✅ Post 5: 테스트 & 검증
  ✅ Post 6: 성능 벤치마크
  ✅ Post 7: 실제 사용 사례
  ✅ Post 8: 확장성 & 미래
  ✅ Post 9: 비교 분석
  ✅ Post 10: 심화 토픽 & 연구
💾 포스트 저장 중...
  ✅ 10개 포스트 저장 완료

✅ freelang-v6 완료!
  📊 포스트: 10개
  📝 총 단어: 601
  ✅ freelang-v6: 10 포스트 생성

📝 처리 중: archived/green-fabric-phase2
📊 분석 중: green-fabric-phase2
  ✅ 분석 완료: 0 줄 코드, 0 테스트
📝 포스트 생성 중...
  ✅ Post 1: 프로젝트 개요 & 역사
  ✅ Post 2: 아키텍처 & 설계
  ✅ Post 3: 구현 상세 - Part 1
  ✅ Post 4: 구현 상세 - Part 2
  ✅ Post 5: 테스트 & 검증
  ✅ Post 6: 성능 벤치마크
  ✅ Post 7: 실제 사용 사례
  ✅ Post 8: 확장성 & 미래
  ✅ Post 9: 비교 분석
  ✅ Post 10: 심화 토픽 & 연구
💾 포스트 저장 중...
  ✅ 10개 포스트 저장 완료

✅ green-fabric-phase2 완료!
  📊 포스트: 10개
  📝 총 단어: 601
  ✅ green-fabric-phase2: 10 포스트 생성

📝 처리 중: archived/test-data
📊 분석 중: test-data
  ✅ 분석 완료: 0 줄 코드, 0 테스트
📝 포스트 생성 중...
  ✅ Post 1: 프로젝트 개요 & 역사
  ✅ Post 2: 아키텍처 & 설계
  ✅ Post 3: 구현 상세 - Part 1
  ✅ Post 4: 구현 상세 - Part 2
  ✅ Post 5: 테스트 & 검증
  ✅ Post 6: 성능 벤치마크
  ✅ Post 7: 실제 사용 사례
  ✅ Post 8: 확장성 & 미래
  ✅ Post 9: 비교 분석
  ✅ Post 10: 심화 토픽 & 연구
💾 포스트 저장 중...
  ✅ 10개 포스트 저장 완료

✅ test-data 완료!
  📊 포스트: 10개
  📝 총 단어: 671
  ✅ test-data: 10 포스트 생성

📝 처리 중: archived/test-freelang-v4
📊 분석 중: test-freelang-v4
  ✅ 분석 완료: 0 줄 코드, 0 테스트
📝 포스트 생성 중...
  ✅ Post 1: 프로젝트 개요 & 역사
  ✅ Post 2: 아키텍처 & 설계
  ✅ Post 3: 구현 상세 - Part 1
  ✅ Post 4: 구현 상세 - Part 2
  ✅ Post 5: 테스트 & 검증
  ✅ Post 6: 성능 벤치마크
  ✅ Post 7: 실제 사용 사례
  ✅ Post 8: 확장성 & 미래
  ✅ Post 9: 비교 분석
  ✅ Post 10: 심화 토픽 & 연구
💾 포스트 저장 중...
  ✅ 10개 포스트 저장 완료

✅ test-freelang-v4 완료!
  📊 포스트: 10개
  📝 총 단어: 601
  ✅ test-freelang-v4: 10 포스트 생성

📝 처리 중: archived/test-mouse-phase2
📊 분석 중: test-mouse-phase2
  ✅ 분석 완료: 0 줄 코드, 0 테스트
📝 포스트 생성 중...
  ✅ Post 1: 프로젝트 개요 & 역사
  ✅ Post 2: 아키텍처 & 설계
  ✅ Post 3: 구현 상세 - Part 1
  ✅ Post 4: 구현 상세 - Part 2
  ✅ Post 5: 테스트 & 검증
  ✅ Post 6: 성능 벤치마크
  ✅ Post 7: 실제 사용 사례
  ✅ Post 8: 확장성 & 미래
  ✅ Post 9: 비교 분석
  ✅ Post 10: 심화 토픽 & 연구
💾 포스트 저장 중...
  ✅ 10개 포스트 저장 완료

✅ test-mouse-phase2 완료!
  📊 포스트: 10개
  📝 총 단어: 601
  ✅ test-mouse-phase2: 10 포스트 생성

📝 처리 중: archived/test-mouse-phase3-hw
📊 분석 중: test-mouse-phase3-hw
  ✅ 분석 완료: 0 줄 코드, 0 테스트
📝 포스트 생성 중...
  ✅ Post 1: 프로젝트 개요 & 역사
  ✅ Post 2: 아키텍처 & 설계
  ✅ Post 3: 구현 상세 - Part 1
  ✅ Post 4: 구현 상세 - Part 2
  ✅ Post 5: 테스트 & 검증
  ✅ Post 6: 성능 벤치마크
  ✅ Post 7: 실제 사용 사례
  ✅ Post 8: 확장성 & 미래
  ✅ Post 9: 비교 분석
  ✅ Post 10: 심화 토픽 & 연구
💾 포스트 저장 중...
  ✅ 10개 포스트 저장 완료

✅ test-mouse-phase3-hw 완료!
  📊 포스트: 10개
  📝 총 단어: 601
  ✅ test-mouse-phase3-hw: 10 포스트 생성

📝 처리 중: tools/.git
📊 분석 중: .git
  ✅ 분석 완료: 0 줄 코드, 0 테스트
📝 포스트 생성 중...
  ✅ Post 1: 프로젝트 개요 & 역사
  ✅ Post 2: 아키텍처 & 설계
  ✅ Post 3: 구현 상세 - Part 1
  ✅ Post 4: 구현 상세 - Part 2
  ✅ Post 5: 테스트 & 검증
  ✅ Post 6: 성능 벤치마크
  ✅ Post 7: 실제 사용 사례
  ✅ Post 8: 확장성 & 미래
  ✅ Post 9: 비교 분석
  ✅ Post 10: 심화 토픽 & 연구
💾 포스트 저장 중...
  ✅ 10개 포스트 저장 완료

✅ .git 완료!
  📊 포스트: 10개
  📝 총 단어: 601
  ✅ .git: 10 포스트 생성

📝 처리 중: tools/freelang-review
📊 분석 중: freelang-review
  ✅ 분석 완료: 0 줄 코드, 0 테스트
📝 포스트 생성 중...
  ✅ Post 1: 프로젝트 개요 & 역사
  ✅ Post 2: 아키텍처 & 설계
  ✅ Post 3: 구현 상세 - Part 1
  ✅ Post 4: 구현 상세 - Part 2
  ✅ Post 5: 테스트 & 검증
  ✅ Post 6: 성능 벤치마크
  ✅ Post 7: 실제 사용 사례
  ✅ Post 8: 확장성 & 미래
  ✅ Post 9: 비교 분석
  ✅ Post 10: 심화 토픽 & 연구
💾 포스트 저장 중...
  ✅ 10개 포스트 저장 완료

✅ freelang-review 완료!
  📊 포스트: 10개
  📝 총 단어: 671
  ✅ freelang-review: 10 포스트 생성

📝 처리 중: tools/freelang-v4-analysis
📊 분석 중: freelang-v4-analysis
  ✅ 분석 완료: 0 줄 코드, 0 테스트
📝 포스트 생성 중...
  ✅ Post 1: 프로젝트 개요 & 역사
  ✅ Post 2: 아키텍처 & 설계
  ✅ Post 3: 구현 상세 - Part 1
  ✅ Post 4: 구현 상세 - Part 2
  ✅ Post 5: 테스트 & 검증
  ✅ Post 6: 성능 벤치마크
  ✅ Post 7: 실제 사용 사례
  ✅ Post 8: 확장성 & 미래
  ✅ Post 9: 비교 분석
  ✅ Post 10: 심화 토픽 & 연구
💾 포스트 저장 중...
  ✅ 10개 포스트 저장 완료

✅ freelang-v4-analysis 완료!
  📊 포스트: 10개
  📝 총 단어: 671
  ✅ freelang-v4-analysis: 10 포스트 생성

📝 처리 중: tools/kim_modules
📊 분석 중: kim_modules
  ✅ 분석 완료: 0 줄 코드, 0 테스트
📝 포스트 생성 중...
  ✅ Post 1: 프로젝트 개요 & 역사
  ✅ Post 2: 아키텍처 & 설계
  ✅ Post 3: 구현 상세 - Part 1
  ✅ Post 4: 구현 상세 - Part 2
  ✅ Post 5: 테스트 & 검증
  ✅ Post 6: 성능 벤치마크
  ✅ Post 7: 실제 사용 사례
  ✅ Post 8: 확장성 & 미래
  ✅ Post 9: 비교 분석
  ✅ Post 10: 심화 토픽 & 연구
💾 포스트 저장 중...
  ✅ 10개 포스트 저장 완료

✅ kim_modules 완료!
  📊 포스트: 10개
  📝 총 단어: 601
  ✅ kim_modules: 10 포스트 생성

📝 처리 중: tools/lang-design
📊 분석 중: lang-design
  ✅ 분석 완료: 384 줄 코드, 79 테스트
📝 포스트 생성 중...
  ✅ Post 1: 프로젝트 개요 & 역사
  ✅ Post 2: 아키텍처 & 설계
  ✅ Post 3: 구현 상세 - Part 1
  ✅ Post 4: 구현 상세 - Part 2
  ✅ Post 5: 테스트 & 검증
  ✅ Post 6: 성능 벤치마크
  ✅ Post 7: 실제 사용 사례
  ✅ Post 8: 확장성 & 미래
  ✅ Post 9: 비교 분석
  ✅ Post 10: 심화 토픽 & 연구
💾 포스트 저장 중...
  ✅ 10개 포스트 저장 완료

✅ lang-design 완료!
  📊 포스트: 10개
  📝 총 단어: 671
  ✅ lang-design: 10 포스트 생성

📝 처리 중: tools/mindlang
📊 분석 중: mindlang
  ✅ 분석 완료: 10719 줄 코드, 94 테스트
📝 포스트 생성 중...
  ✅ Post 1: 프로젝트 개요 & 역사
  ✅ Post 2: 아키텍처 & 설계
  ✅ Post 3: 구현 상세 - Part 1
  ✅ Post 4: 구현 상세 - Part 2
  ✅ Post 5: 테스트 & 검증
  ✅ Post 6: 성능 벤치마크
  ✅ Post 7: 실제 사용 사례
  ✅ Post 8: 확장성 & 미래
  ✅ Post 9: 비교 분석
  ✅ Post 10: 심화 토픽 & 연구
💾 포스트 저장 중...
  ✅ 10개 포스트 저장 완료

✅ mindlang 완료!
  📊 포스트: 10개
  📝 총 단어: 601
  ✅ mindlang: 10 포스트 생성

📝 처리 중: tools/packages
📊 분석 중: packages
  ✅ 분석 완료: 0 줄 코드, 0 테스트
📝 포스트 생성 중...
  ✅ Post 1: 프로젝트 개요 & 역사
  ✅ Post 2: 아키텍처 & 설계
  ✅ Post 3: 구현 상세 - Part 1
  ✅ Post 4: 구현 상세 - Part 2
  ✅ Post 5: 테스트 & 검증
  ✅ Post 6: 성능 벤치마크
  ✅ Post 7: 실제 사용 사례
  ✅ Post 8: 확장성 & 미래
  ✅ Post 9: 비교 분석
  ✅ Post 10: 심화 토픽 & 연구
💾 포스트 저장 중...
  ✅ 10개 포스트 저장 완료

✅ packages 완료!
  📊 포스트: 10개
  📝 총 단어: 601
  ✅ packages: 10 포스트 생성

📝 처리 중: tools/projects
📊 분석 중: projects
  ✅ 분석 완료: 0 줄 코드, 0 테스트
📝 포스트 생성 중...
  ✅ Post 1: 프로젝트 개요 & 역사
  ✅ Post 2: 아키텍처 & 설계
  ✅ Post 3: 구현 상세 - Part 1
  ✅ Post 4: 구현 상세 - Part 2
  ✅ Post 5: 테스트 & 검증
  ✅ Post 6: 성능 벤치마크
  ✅ Post 7: 실제 사용 사례
  ✅ Post 8: 확장성 & 미래
  ✅ Post 9: 비교 분석
  ✅ Post 10: 심화 토픽 & 연구
💾 포스트 저장 중...
  ✅ 10개 포스트 저장 완료

✅ projects 완료!
  📊 포스트: 10개
  📝 총 단어: 601
  ✅ projects: 10 포스트 생성

📝 처리 중: tools/pyfree
📊 분석 중: pyfree
  ✅ 분석 완료: 12275 줄 코드, 1181 테스트
📝 포스트 생성 중...
  ✅ Post 1: 프로젝트 개요 & 역사
  ✅ Post 2: 아키텍처 & 설계
  ✅ Post 3: 구현 상세 - Part 1
  ✅ Post 4: 구현 상세 - Part 2
  ✅ Post 5: 테스트 & 검증
  ✅ Post 6: 성능 벤치마크
  ✅ Post 7: 실제 사용 사례
  ✅ Post 8: 확장성 & 미래
  ✅ Post 9: 비교 분석
  ✅ Post 10: 심화 토픽 & 연구
💾 포스트 저장 중...
  ✅ 10개 포스트 저장 완료

✅ pyfree 완료!
  📊 포스트: 10개
  📝 총 단어: 671
  ✅ pyfree: 10 포스트 생성

📝 처리 중: tools/pyfree-clean
📊 분석 중: pyfree-clean
  ✅ 분석 완료: 17338 줄 코드, 1628 테스트
📝 포스트 생성 중...
  ✅ Post 1: 프로젝트 개요 & 역사
  ✅ Post 2: 아키텍처 & 설계
  ✅ Post 3: 구현 상세 - Part 1
  ✅ Post 4: 구현 상세 - Part 2
  ✅ Post 5: 테스트 & 검증
  ✅ Post 6: 성능 벤치마크
  ✅ Post 7: 실제 사용 사례
  ✅ Post 8: 확장성 & 미래
  ✅ Post 9: 비교 분석
  ✅ Post 10: 심화 토픽 & 연구
💾 포스트 저장 중...
  ✅ 10개 포스트 저장 완료

✅ pyfree-clean 완료!
  📊 포스트: 10개
  📝 총 단어: 671
  ✅ pyfree-clean: 10 포스트 생성

📝 처리 중: tools/scripts
📊 분석 중: scripts
  ✅ 분석 완료: 0 줄 코드, 0 테스트
📝 포스트 생성 중...
  ✅ Post 1: 프로젝트 개요 & 역사
  ✅ Post 2: 아키텍처 & 설계
  ✅ Post 3: 구현 상세 - Part 1
  ✅ Post 4: 구현 상세 - Part 2
  ✅ Post 5: 테스트 & 검증
  ✅ Post 6: 성능 벤치마크
  ✅ Post 7: 실제 사용 사례
  ✅ Post 8: 확장성 & 미래
  ✅ Post 9: 비교 분석
  ✅ Post 10: 심화 토픽 & 연구
💾 포스트 저장 중...
  ✅ 10개 포스트 저장 완료

✅ scripts 완료!
  📊 포스트: 10개
  📝 총 단어: 601
  ✅ scripts: 10 포스트 생성

📝 처리 중: experiments/1.1-minimal-rag
📊 분석 중: 1.1-minimal-rag
  ✅ 분석 완료: 0 줄 코드, 0 테스트
📝 포스트 생성 중...
  ✅ Post 1: 프로젝트 개요 & 역사
  ✅ Post 2: 아키텍처 & 설계
  ✅ Post 3: 구현 상세 - Part 1
  ✅ Post 4: 구현 상세 - Part 2
  ✅ Post 5: 테스트 & 검증
  ✅ Post 6: 성능 벤치마크
  ✅ Post 7: 실제 사용 사례
  ✅ Post 8: 확장성 & 미래
  ✅ Post 9: 비교 분석
  ✅ Post 10: 심화 토픽 & 연구
💾 포스트 저장 중...
  ✅ 10개 포스트 저장 완료

✅ 1.1-minimal-rag 완료!
  📊 포스트: 10개
  📝 총 단어: 601
  ✅ 1.1-minimal-rag: 10 포스트 생성

📝 처리 중: experiments/1.2-chunk-search
📊 분석 중: 1.2-chunk-search
  ✅ 분석 완료: 0 줄 코드, 0 테스트
📝 포스트 생성 중...
  ✅ Post 1: 프로젝트 개요 & 역사
  ✅ Post 2: 아키텍처 & 설계
  ✅ Post 3: 구현 상세 - Part 1
  ✅ Post 4: 구현 상세 - Part 2
  ✅ Post 5: 테스트 & 검증
  ✅ Post 6: 성능 벤치마크
  ✅ Post 7: 실제 사용 사례
  ✅ Post 8: 확장성 & 미래
  ✅ Post 9: 비교 분석
  ✅ Post 10: 심화 토픽 & 연구
💾 포스트 저장 중...
  ✅ 10개 포스트 저장 완료

✅ 1.2-chunk-search 완료!
  📊 포스트: 10개
  📝 총 단어: 601
  ✅ 1.2-chunk-search: 10 포스트 생성

📝 처리 중: experiments/1.3-metadata-filter
📊 분석 중: 1.3-metadata-filter
  ✅ 분석 완료: 0 줄 코드, 0 테스트
📝 포스트 생성 중...
  ✅ Post 1: 프로젝트 개요 & 역사
  ✅ Post 2: 아키텍처 & 설계
  ✅ Post 3: 구현 상세 - Part 1
  ✅ Post 4: 구현 상세 - Part 2
  ✅ Post 5: 테스트 & 검증
  ✅ Post 6: 성능 벤치마크
  ✅ Post 7: 실제 사용 사례
  ✅ Post 8: 확장성 & 미래
  ✅ Post 9: 비교 분석
  ✅ Post 10: 심화 토픽 & 연구
💾 포스트 저장 중...
  ✅ 10개 포스트 저장 완료

✅ 1.3-metadata-filter 완료!
  📊 포스트: 10개
  📝 총 단어: 601
  ✅ 1.3-metadata-filter: 10 포스트 생성

📝 처리 중: experiments/1.4-bm25-ranking
📊 분석 중: 1.4-bm25-ranking
  ✅ 분석 완료: 0 줄 코드, 0 테스트
📝 포스트 생성 중...
  ✅ Post 1: 프로젝트 개요 & 역사
  ✅ Post 2: 아키텍처 & 설계
  ✅ Post 3: 구현 상세 - Part 1
  ✅ Post 4: 구현 상세 - Part 2
  ✅ Post 5: 테스트 & 검증
  ✅ Post 6: 성능 벤치마크
  ✅ Post 7: 실제 사용 사례
  ✅ Post 8: 확장성 & 미래
  ✅ Post 9: 비교 분석
  ✅ Post 10: 심화 토픽 & 연구
💾 포스트 저장 중...
  ✅ 10개 포스트 저장 완료

✅ 1.4-bm25-ranking 완료!
  📊 포스트: 10개
  📝 총 단어: 601
  ✅ 1.4-bm25-ranking: 10 포스트 생성

📝 처리 중: experiments/2.0-semantic-search
📊 분석 중: 2.0-semantic-search
  ✅ 분석 완료: 0 줄 코드, 0 테스트
📝 포스트 생성 중...
  ✅ Post 1: 프로젝트 개요 & 역사
  ✅ Post 2: 아키텍처 & 설계
  ✅ Post 3: 구현 상세 - Part 1
  ✅ Post 4: 구현 상세 - Part 2
  ✅ Post 5: 테스트 & 검증
  ✅ Post 6: 성능 벤치마크
  ✅ Post 7: 실제 사용 사례
  ✅ Post 8: 확장성 & 미래
  ✅ Post 9: 비교 분석
  ✅ Post 10: 심화 토픽 & 연구
💾 포스트 저장 중...
  ✅ 10개 포스트 저장 완료

✅ 2.0-semantic-search 완료!
  📊 포스트: 10개
  📝 총 단어: 601
  ✅ 2.0-semantic-search: 10 포스트 생성

📝 처리 중: experiments/3.0-evolution-reasoning
📊 분석 중: 3.0-evolution-reasoning
  ✅ 분석 완료: 0 줄 코드, 0 테스트
📝 포스트 생성 중...
  ✅ Post 1: 프로젝트 개요 & 역사
  ✅ Post 2: 아키텍처 & 설계
  ✅ Post 3: 구현 상세 - Part 1
  ✅ Post 4: 구현 상세 - Part 2
  ✅ Post 5: 테스트 & 검증
  ✅ Post 6: 성능 벤치마크
  ✅ Post 7: 실제 사용 사례
  ✅ Post 8: 확장성 & 미래
  ✅ Post 9: 비교 분석
  ✅ Post 10: 심화 토픽 & 연구
💾 포스트 저장 중...
  ✅ 10개 포스트 저장 완료

✅ 3.0-evolution-reasoning 완료!
  📊 포스트: 10개
  📝 총 단어: 601
  ✅ 3.0-evolution-reasoning: 10 포스트 생성

📝 처리 중: experiments/4.0-design-intent-mapping
📊 분석 중: 4.0-design-intent-mapping
  ✅ 분석 완료: 0 줄 코드, 0 테스트
📝 포스트 생성 중...
  ✅ Post 1: 프로젝트 개요 & 역사
  ✅ Post 2: 아키텍처 & 설계
  ✅ Post 3: 구현 상세 - Part 1
  ✅ Post 4: 구현 상세 - Part 2
  ✅ Post 5: 테스트 & 검증
  ✅ Post 6: 성능 벤치마크
  ✅ Post 7: 실제 사용 사례
  ✅ Post 8: 확장성 & 미래
  ✅ Post 9: 비교 분석
  ✅ Post 10: 심화 토픽 & 연구
💾 포스트 저장 중...
  ✅ 10개 포스트 저장 완료

✅ 4.0-design-intent-mapping 완료!
  📊 포스트: 10개
  📝 총 단어: 601
  ✅ 4.0-design-intent-mapping: 10 포스트 생성

📝 처리 중: experiments/5.0-design-cognition-mapping
📊 분석 중: 5.0-design-cognition-mapping
  ✅ 분석 완료: 0 줄 코드, 0 테스트
📝 포스트 생성 중...
  ✅ Post 1: 프로젝트 개요 & 역사
  ✅ Post 2: 아키텍처 & 설계
  ✅ Post 3: 구현 상세 - Part 1
  ✅ Post 4: 구현 상세 - Part 2
  ✅ Post 5: 테스트 & 검증
  ✅ Post 6: 성능 벤치마크
  ✅ Post 7: 실제 사용 사례
  ✅ Post 8: 확장성 & 미래
  ✅ Post 9: 비교 분석
  ✅ Post 10: 심화 토픽 & 연구
💾 포스트 저장 중...
  ✅ 10개 포스트 저장 완료

✅ 5.0-design-cognition-mapping 완료!
  📊 포스트: 10개
  📝 총 단어: 601
  ✅ 5.0-design-cognition-mapping: 10 포스트 생성

📝 처리 중: experiments/mlir-cpp-learning
📊 분석 중: mlir-cpp-learning
  ✅ 분석 완료: 0 줄 코드, 0 테스트
📝 포스트 생성 중...
  ✅ Post 1: 프로젝트 개요 & 역사
  ✅ Post 2: 아키텍처 & 설계
  ✅ Post 3: 구현 상세 - Part 1
  ✅ Post 4: 구현 상세 - Part 2
  ✅ Post 5: 테스트 & 검증
  ✅ Post 6: 성능 벤치마크
  ✅ Post 7: 실제 사용 사례
  ✅ Post 8: 확장성 & 미래
  ✅ Post 9: 비교 분석
  ✅ Post 10: 심화 토픽 & 연구
💾 포스트 저장 중...
  ✅ 10개 포스트 저장 완료

✅ mlir-cpp-learning 완료!
  📊 포스트: 10개
  📝 총 단어: 601
  ✅ mlir-cpp-learning: 10 포스트 생성

📝 처리 중: experiments/mlir-study
📊 분석 중: mlir-study
  ✅ 분석 완료: 0 줄 코드, 0 테스트
📝 포스트 생성 중...
  ✅ Post 1: 프로젝트 개요 & 역사
  ✅ Post 2: 아키텍처 & 설계
  ✅ Post 3: 구현 상세 - Part 1
  ✅ Post 4: 구현 상세 - Part 2
  ✅ Post 5: 테스트 & 검증
  ✅ Post 6: 성능 벤치마크
  ✅ Post 7: 실제 사용 사례
  ✅ Post 8: 확장성 & 미래
  ✅ Post 9: 비교 분석
  ✅ Post 10: 심화 토픽 & 연구
💾 포스트 저장 중...
  ✅ 10개 포스트 저장 완료

✅ mlir-study 완료!
  📊 포스트: 10개
  📝 총 단어: 601
  ✅ mlir-study: 10 포스트 생성


📊 결과 저장 중...

═══════════════════════════════════════
📈 최종 결과
═══════════════════════════════════════
✅ 성공: 54/54
❌ 실패: 0/54
📂 출력 위치: /data/data/com.termux/files/home/.blogger-posts-output
📋 로그: /data/data/com.termux/files/home/.blogger-posts-output/generation-log.json

다음 단계: 생성된 포스트를 Blogger에 발행
